
KIIT@BT-22051001 MINGW64 ~/GitDemo (main)
$ git checkout main
git status
Already on 'main'
On branch main
Untracked files:
  (use "git add <file>..." to include in what will be committed)
        hello_BACKUP_1154.xml
        hello_BASE_1154.xml
        hello_LOCAL_1154.xml
        hello_REMOTE_1154.xml

nothing added to commit but untracked files present (use "git add" to track)

KIIT@BT-22051001 MINGW64 ~/GitDemo (main)
$ git add .
git commit -m "Final cleanup before push"
[main 7e6a456] Final cleanup before push
 4 files changed, 9 insertions(+)
 create mode 100644 hello_BACKUP_1154.xml
 create mode 100644 hello_BASE_1154.xml
 create mode 100644 hello_LOCAL_1154.xml
 create mode 100644 hello_REMOTE_1154.xml

KIIT@BT-22051001 MINGW64 ~/GitDemo (main)
$ git branch -a
* main

KIIT@BT-22051001 MINGW64 ~/GitDemo (main)
$ git pull origin main
info: please complete authentication in your browser...


KIIT@BT-22051001 MINGW64 ~/GitDemo (main)
$ git push origin main
info: please complete authentication in your browser...
